

================================================================
== Vivado HLS Report for 'accelerator'
================================================================
* Date:           Thu Mar 15 20:12:18 2018

* Version:        2017.2 (Build 1909853 on Thu Jun 15 18:55:24 MDT 2017)
* Project:        accelerator
* Solution:       solution_basic
* Product family: virtexu
* Target device:  xcvu095-ffvc1517-2-e


================================================================
== Performance Estimates
================================================================
+ Timing (ns): 
    * Summary: 
    +--------+-------+----------+------------+
    |  Clock | Target| Estimated| Uncertainty|
    +--------+-------+----------+------------+
    |ap_clk  |   5.00|      4.38|        0.62|
    +--------+-------+----------+------------+

+ Latency (clock cycles): 
    * Summary: 
    +-----+-----+-----+-----+---------+
    |  Latency  |  Interval | Pipeline|
    | min | max | min | max |   Type  |
    +-----+-----+-----+-----+---------+
    |    ?|    ?|    ?|    ?|   none  |
    +-----+-----+-----+-----+---------+

    + Detail: 
        * Instance: 
        +----------------------------------+----------------------+-----+-----+-----+-----+---------+
        |                                  |                      |  Latency  |  Interval | Pipeline|
        |             Instance             |        Module        | min | max | min | max |   Type  |
        +----------------------------------+----------------------+-----+-----+-----+-----+---------+
        |grp_convLayer_ComputePar_fu_1033  |convLayer_ComputePar  |    ?|    ?|    ?|    ?|   none  |
        +----------------------------------+----------------------+-----+-----+-----+-----+---------+

        * Loop: 
        +---------------------------------------------------------------------------------------------------------------------------+------+------+----------+-----------+-----------+------+----------+
        |                                                                                                                           |   Latency   | Iteration|  Initiation Interval  | Trip |          |
        |                                                         Loop Name                                                         |  min |  max |  Latency |  achieved |   target  | Count| Pipelined|
        +---------------------------------------------------------------------------------------------------------------------------+------+------+----------+-----------+-----------+------+----------+
        |- CONVLAYER_FORWARD_FOR_BATCH                                                                                              |     ?|     ?|         ?|          -|          -|     ?|    no    |
        | + CONVLAYER_FORWARD_FOR_K                                                                                                 |     ?|     ?|         ?|          -|          -|     ?|    no    |
        |  ++ CONVLAYER_PREPAREOUTPUT_FOR_K                                                                                         |     ?|     ?|         ?|          -|          -|     ?|    no    |
        |   +++ CONVLAYER_PREPAREOUTPUT_FOR_M                                                                                       |     ?|     ?|         ?|          -|          -|     ?|    no    |
        |    ++++ CONVLAYER_PREPAREOUTPUT_FOR_N                                                                                     |     ?|     ?|         1|          -|          -|     ?|    no    |
        |  ++ CONVLAYER_FORWARD_FOR_C                                                                                               |     ?|     ?|         ?|          -|          -|     ?|    no    |
        |   +++ CONVLAYER_LOADWEIGHTS_FOR_PARALLEL_K_CONVLAYER_LOADWEIGHTS_FOR_PARALLEL_C_CONVLAYER_LOADWEIGHTS_FOR_PARALLEL_R      |  4608|  5376|  24 ~ 28 |          -|          -|   192|    no    |
        |    ++++ memcpy.bufferDDR.gep.mem                                                                                          |    12|    12|        10|          1|          1|     4|    yes   |
        |    ++++ CONVLAYER_LOADWEIGHTS_FOR_PARALLEL_K_CONVLAYER_LOADWEIGHTS_FOR_PARALLEL_C_CONVLAYER_LOADWEIGHTS_FOR_PARALLEL_R.2  |     8|    12|   2 ~ 3  |          -|          -|     4|    no    |
        |   +++ CONVLAYER_LOADBROACASTBUFFER_FOR_C                                                                                  |     ?|     ?|         ?|          -|          -|     ?|    no    |
        |    ++++ CONVLAYER_LOADBROACASTBUFFER_FOR_PAD_TOPBOTTOM                                                                    |     ?|     ?|         ?|          -|          -|     ?|    no    |
        |     +++++ convLayer_LoadBroadcastBuffer_label1                                                                            |     ?|     ?|         1|          -|          -|     ?|    no    |
        |     +++++ convLayer_LoadBroadcastBuffer_label2                                                                            |     ?|     ?|         1|          -|          -|     ?|    no    |
        |    ++++ CONVLAYER_LOADBROACASTBUFFER_FOR_PAD_LEFTRIGHT                                                                    |     ?|     ?|         ?|          -|          -|     ?|    no    |
        |     +++++ convLayer_LoadBroadcastBuffer_label3                                                                            |     ?|     ?|         1|          -|          -|     ?|    no    |
        |     +++++ convLayer_LoadBroadcastBuffer_label4                                                                            |     ?|     ?|         1|          -|          -|     ?|    no    |
        |    ++++ CONVLAYER_LOADBROACASTBUFFER_FOR_LOAD_H                                                                           |     ?|     ?|         ?|          -|          -|     ?|    no    |
        |     +++++ CONVLAYER_LOADBROACASTBUFFER_FOR_LOAD_W                                                                         |     ?|     ?|  24 ~ 28 |          -|          -|     ?|    no    |
        |      ++++++ memcpy.bufferDDR.1.gep.mem                                                                                    |     5|     5|         3|          1|          1|     4|    yes   |
        |      ++++++ CONVLAYER_LOADBROACASTBUFFER_FOR_LOAD_PACKET                                                                  |     8|    12|   2 ~ 3  |          -|          -|     4|    no    |
        |  ++ CONVLAYER_OFFLOADRESULT_FOR_K                                                                                         |     ?|     ?|         ?|          -|          -|     ?|    no    |
        |   +++ CONVLAYER_OFFLOADRESULT_FOR_M                                                                                       |     ?|     ?|         ?|          -|          -|     ?|    no    |
        |    ++++ CONVLAYER_OFFLOADRESULT_FOR_N                                                                                     |     ?|     ?|  31 ~ 59 |          -|          -|     ?|    no    |
        |     +++++ CONVLAYER_OFFLOADRESULT_FOR_PACKET                                                                              |    20|    20|         5|          -|          -|     4|    no    |
        |     +++++ CONVLAYER_OFFLOADRESULT_FOR_N.2                                                                                 |     8|    36|   2 ~ 9  |          -|          -|     4|    no    |
        +---------------------------------------------------------------------------------------------------------------------------+------+------+----------+-----------+-----------+------+----------+



================================================================
== Utilization Estimates
================================================================
* Summary: 
+-----------------+---------+-------+---------+--------+
|       Name      | BRAM_18K| DSP48E|    FF   |   LUT  |
+-----------------+---------+-------+---------+--------+
|DSP              |        -|      -|        -|       -|
|Expression       |        -|     48|     6296|    5813|
|FIFO             |        -|      -|        -|       -|
|Instance         |        3|      4|     3572|    2820|
|Memory           |      961|      -|        0|       0|
|Multiplexer      |        -|      -|        -|    1084|
|Register         |        -|      -|     4099|      64|
+-----------------+---------+-------+---------+--------+
|Total            |      964|     52|    13967|    9781|
+-----------------+---------+-------+---------+--------+
|Available        |     3456|    768|  1075200|  537600|
+-----------------+---------+-------+---------+--------+
|Utilization (%)  |       27|      6|        1|       1|
+-----------------+---------+-------+---------+--------+

+ Detail: 
    * Instance: 
    +----------------------------------+----------------------------+---------+-------+------+------+
    |             Instance             |           Module           | BRAM_18K| DSP48E|  FF  |  LUT |
    +----------------------------------+----------------------------+---------+-------+------+------+
    |accelerator_CTRL_BUS_s_axi_U      |accelerator_CTRL_BUS_s_axi  |        0|      0|   539|   878|
    |accelerator_hcmp_kbM_U19          |accelerator_hcmp_kbM        |        0|      0|    34|    26|
    |accelerator_hptosjbC_U18          |accelerator_hptosjbC        |        0|      0|    52|     9|
    |accelerator_mem_m_axi_U           |accelerator_mem_m_axi       |        2|      0|   512|   580|
    |accelerator_mux_4lbW_U20          |accelerator_mux_4lbW        |        0|      0|    84|    17|
    |accelerator_mux_4lbW_U21          |accelerator_mux_4lbW        |        0|      0|    84|    17|
    |accelerator_mux_4lbW_U22          |accelerator_mux_4lbW        |        0|      0|    84|    17|
    |accelerator_sptohibs_U17          |accelerator_sptohibs        |        0|      0|    64|    21|
    |grp_convLayer_ComputePar_fu_1033  |convLayer_ComputePar        |        1|      4|  2119|  1255|
    +----------------------------------+----------------------------+---------+-------+------+------+
    |Total                             |                            |        3|      4|  3572|  2820|
    +----------------------------------+----------------------------+---------+-------+------+------+

    * DSP48: 
    N/A

    * Memory: 
    +------------------------+----------------------+---------+---+----+--------+-----+------+-------------+
    |         Memory         |        Module        | BRAM_18K| FF| LUT|  Words | Bits| Banks| W*Bits*Banks|
    +------------------------+----------------------+---------+---+----+--------+-----+------+-------------+
    |bufferBroadcast_U       |accelerator_buffefYi  |      480|  0|   0|  524288|   16|     1|      8388608|
    |bufferOutput_U          |accelerator_buffefYi  |      480|  0|   0|  524288|   16|     1|      8388608|
    |bufferWeights_assign_U  |accelerator_buffehbi  |        1|  0|   0|     576|   16|     1|         9216|
    +------------------------+----------------------+---------+---+----+--------+-----+------+-------------+
    |Total                   |                      |      961|  0|   0| 1049152|   48|     3|     16786432|
    +------------------------+----------------------+---------+---+----+--------+-----+------+-------------+

    * FIFO: 
    N/A

    * Expression: 
    +-------------------------------------+----------+-------+-----+----+------------+------------+
    |            Variable Name            | Operation| DSP48E|  FF | LUT| Bitwidth P0| Bitwidth P1|
    +-------------------------------------+----------+-------+-----+----+------------+------------+
    |partialIndexWeightC_fu_1479_p2       |     *    |      4|    0|  48|          32|          32|
    |partialIndexWeightK_fu_1339_p2       |     *    |      4|    0|  48|          32|          32|
    |partialOffsetC_fu_2120_p2            |     *    |      4|    0|  48|          32|          32|
    |partialOffsetK_fu_2859_p2            |     *    |      4|    0|  48|          32|          32|
    |partialOffsetWeightC_fu_1143_p2      |     *    |      4|    0|  48|          32|          32|
    |partialOffsetWeightK_fu_1168_p2      |     *    |      4|    0|  48|          32|          32|
    |tmp45_fu_1195_p2                     |     *    |      4|    0|  48|          32|          32|
    |tmp46_fu_1199_p2                     |     *    |      4|    0|  48|          32|          32|
    |tmp51_fu_1484_p2                     |     *    |      4|    0|  48|          32|          32|
    |tmp52_fu_1851_p2                     |     *    |      4|    0|  48|          32|          32|
    |tmp_45_fu_1230_p2                    |     *    |      4|    0|  48|          32|          32|
    |tmp_46_fu_1235_p2                    |     *    |      4|    0|  48|          32|          32|
    |actualIterOutputN_fu_2978_p2         |     +    |      0|  101|  38|          32|          32|
    |bufferHMax_fu_1182_p2                |     +    |      0|  101|  38|          32|          32|
    |bufferWMax_fu_1177_p2                |     +    |      0|  101|  38|          32|          32|
    |indvar_flatten_next1_fu_1543_p2      |     +    |      0|   29|  14|           8|           1|
    |indvar_flatten_op_fu_2089_p2         |     +    |      0|   23|  12|           6|           1|
    |indvar_next9_fu_2615_p2              |     +    |      0|   14|   9|           3|           1|
    |indvar_next_fu_1862_p2               |     +    |      0|   14|   9|           3|           1|
    |iterBatch_fu_1224_p2                 |     +    |      0|  101|  38|          32|           1|
    |iterBufferC_fu_1703_p2               |     +    |      0|   17|  10|           4|           1|
    |iterBufferH_1_fu_2212_p2             |     +    |      0|  101|  38|          32|           1|
    |iterBufferH_2_fu_2361_p2             |     +    |      0|  101|  38|           1|          32|
    |iterBufferH_3_fu_2372_p2             |     +    |      0|  101|  38|          32|           1|
    |iterBufferH_fu_1187_p2               |     +    |      0|  101|  38|          32|          32|
    |iterBufferK_fu_1549_p2               |     +    |      0|   17|  10|           4|           1|
    |iterBufferR_fu_2075_p2               |     +    |      0|   11|   8|           2|           1|
    |iterBufferW_1_fu_2414_p2             |     +    |      0|  101|  38|           1|          32|
    |iterBufferW_2_fu_2182_p2             |     +    |      0|  101|  38|           1|          32|
    |iterBufferW_3_fu_2517_p2             |     +    |      0|  101|  38|           1|          32|
    |iterBufferW_fu_1191_p2               |     +    |      0|  101|  38|          32|          32|
    |iterCMinor_fu_2133_p2                |     +    |      0|  101|  38|          32|           1|
    |iterC_2_fu_2102_p2                   |     +    |      0|  101|  38|          32|           4|
    |iterC_3_fu_2570_p2                   |     +    |      0|  101|  38|          32|           1|
    |iterInputH_fu_2528_p2                |     +    |      0|  101|  38|          32|           1|
    |iterInputKMinor_fu_1314_p2           |     +    |      0|  101|  38|          32|           1|
    |iterInputK_fu_1395_p2                |     +    |      0|  101|  38|          32|           1|
    |iterInputW_fu_2842_p2                |     +    |      0|  101|  38|          32|           3|
    |iterK_fu_2863_p2                     |     +    |      0|  101|  38|          32|           4|
    |iterM_fu_1367_p2                     |     +    |      0|  101|  38|          32|           1|
    |iterMemInput_fu_2852_p2              |     +    |      0|  101|  38|           1|          32|
    |iterN_fu_1410_p2                     |     +    |      0|  101|  38|           1|          32|
    |iterOutputKMinor_fu_2890_p2          |     +    |      0|  101|  38|          32|           1|
    |iterOutputK_1_fu_2947_p2             |     +    |      0|  101|  38|          32|           1|
    |iterOutputM_fu_2919_p2               |     +    |      0|  101|  38|          32|           1|
    |iterOutputN_fu_3348_p2               |     +    |      0|  101|  38|          32|           3|
    |iter_1_fu_2023_p2                    |     +    |      0|   14|   9|           3|           1|
    |iter_2_fu_2968_p2                    |     +    |      0|   14|   9|           3|           1|
    |iter_3_fu_2742_p2                    |     +    |      0|   14|   9|           3|           1|
    |iter_fu_3299_p2                      |     +    |      0|   14|   9|           3|           1|
    |memCounter_fu_3367_p2                |     +    |      0|  101|  38|           1|          32|
    |memoryInputoffset_as_fu_1240_p2      |     +    |      0|  101|  38|          32|          32|
    |next_mul1_fu_1209_p2                 |     +    |      0|  101|  38|          32|          32|
    |next_mul_fu_1214_p2                  |     +    |      0|  101|  38|          32|          32|
    |offsetWeight_fu_1153_p2              |     +    |      0|  101|  38|          32|          32|
    |p_sum2_fu_1835_p2                    |     +    |      0|  107|  40|          34|          34|
    |p_sum3_fu_2594_p2                    |     +    |      0|  107|  40|          34|          34|
    |p_sum_fu_3333_p2                     |     +    |      0|  107|  40|          34|          34|
    |partialBankInputW_2_fu_2774_p2       |     +    |      0|   11|   8|           2|           2|
    |partialIndexBufferC_fu_1714_p2       |     +    |      0|   26|  13|           7|           4|
    |partialIndexBufferR_fu_2084_p2       |     +    |      0|   17|  10|           4|           2|
    |partialIndexWeightC_1_26_fu_1709_p2  |     +    |      0|  101|  38|          32|          32|
    |partialIndexWeightK_1_fu_1555_p2     |     +    |      0|  101|  38|          32|          32|
    |partialIndexWeightR_fu_2080_p2       |     +    |      0|  101|  38|          32|          32|
    |pointerBias_i_0_sum_fu_1324_p2       |     +    |      0|  104|  39|          33|          33|
    |tmp124_cast_mid2_v_fu_1668_p2        |     +    |      0|  104|  39|          33|          33|
    |tmp133_fu_2585_p2                    |     +    |      0|  104|  39|          33|          33|
    |tmp136_fu_2763_p2                    |     +    |      0|    0|  32|          32|          32|
    |tmp137_fu_2808_p2                    |     +    |      0|    0|  32|          32|          32|
    |tmp143_fu_3324_p2                    |     +    |      0|  104|  39|          33|          33|
    |tmp53_fu_1430_p2                     |     +    |      0|    0|  32|          32|          32|
    |tmp65_fu_1251_p2                     |     +    |      0|  104|  39|          33|          33|
    |tmp73_fu_1825_p2                     |     +    |      0|  104|  39|          33|          33|
    |tmp93_fu_3003_p2                     |     +    |      0|    0|  32|          32|          32|
    |tmp_104_fu_3008_p2                   |     +    |      0|    0|  32|          32|          32|
    |tmp_120_fu_2542_p2                   |     +    |      0|   89|  34|          28|          28|
    |tmp_121_cast_fu_2565_p2              |     +    |      0|   11|   8|           2|           2|
    |tmp_122_fu_2289_p2                   |     +    |      0|   68|  27|          21|          21|
    |tmp_126_fu_3036_p2                   |     +    |      0|   68|  27|          21|          21|
    |tmp_130_fu_2323_p2                   |     +    |      0|  101|  38|          32|          32|
    |tmp_134_fu_2433_p2                   |     +    |      0|    0|  32|          21|          21|
    |tmp_135_fu_3305_p2                   |     +    |      0|  101|  38|          32|          32|
    |tmp_140_fu_2453_p2                   |     +    |      0|    0|  32|          21|          21|
    |tmp_147_fu_2350_p2                   |     +    |      0|   68|  27|          21|          21|
    |tmp_150_fu_2748_p2                   |     +    |      0|  101|  38|          32|          32|
    |tmp_154_fu_2768_p2                   |     +    |      0|    0|  32|          32|          32|
    |tmp_157_fu_2813_p2                   |     +    |      0|    0|  32|          32|          32|
    |tmp_158_fu_2482_p2                   |     +    |      0|    0|  32|          21|          21|
    |tmp_161_fu_2506_p2                   |     +    |      0|    0|  32|          21|          21|
    |tmp_166_fu_2836_p2                   |     +    |      0|   68|  27|          21|          21|
    |tmp_50_fu_1277_p2                    |     +    |      0|    0|  32|          32|           2|
    |tmp_65_fu_1493_p2                    |     +    |      0|  101|  38|          32|          32|
    |tmp_65_mid1_fu_1593_p2               |     +    |      0|  101|  38|          32|          32|
    |tmp_69_fu_1435_p2                    |     +    |      0|    0|  32|          32|          32|
    |tmp_71_fu_1514_p2                    |     +    |      0|  101|  38|          32|          32|
    |tmp_77_fu_1631_p2                    |     +    |      0|   38|  17|          11|          11|
    |tmp_80_mid1_fu_1766_p2               |     +    |      0|  101|  38|          32|          32|
    |tmp_86_fu_2202_p2                    |     +    |      0|  101|  38|          32|          32|
    |tmp_92_fu_1463_p2                    |     +    |      0|   68|  27|          21|          21|
    |tmp_93_fu_2400_p2                    |     +    |      0|  101|  38|          32|          32|
    |tmp_95_fu_2252_p2                    |     +    |      0|  101|  38|          32|          32|
    |tmp_97_fu_2261_p2                    |     +    |      0|   29|  14|           8|           8|
    |tmp_98_fu_1985_p2                    |     +    |      0|   26|  13|           7|           7|
    |tmp_99_fu_1993_p2                    |     +    |      0|   38|  17|          11|          11|
    |tmp_51_fu_1283_p2                    |     -    |      0|    0|  32|          32|          32|
    |ap_block_pp0_stage0_flag00001001     |    and   |      0|    0|   2|           1|           1|
    |ap_block_pp1_stage0_flag00011001     |    and   |      0|    0|   2|           1|           1|
    |ap_block_state25_io                  |    and   |      0|    0|   2|           1|           1|
    |ap_block_state32_pp0_stage0_iter8    |    and   |      0|    0|   2|           1|           1|
    |ap_block_state56_pp1_stage0_iter1    |    and   |      0|    0|   2|           1|           1|
    |ap_condition_1258                    |    and   |      0|    0|   2|           1|           1|
    |exitcond_i_i_i_mid_fu_1697_p2        |    and   |      0|    0|   2|           1|           1|
    |cond_fu_1107_p2                      |   icmp   |      0|    0|   1|           2|           1|
    |exitcond1_fu_2609_p2                 |   icmp   |      0|    0|   2|           3|           4|
    |exitcond1_i_i_fu_1362_p2             |   icmp   |      0|    0|  16|          32|          32|
    |exitcond1_i_i_i_fu_2409_p2           |   icmp   |      0|    0|  16|          32|          32|
    |exitcond2_i_i_i_fu_2367_p2           |   icmp   |      0|    0|  16|          32|          32|
    |exitcond3_i4_i_i_fu_2207_p2          |   icmp   |      0|    0|  16|          32|          32|
    |exitcond3_i_i_fu_1309_p2             |   icmp   |      0|    0|  16|          32|          32|
    |exitcond4_i3_i_i_fu_2177_p2          |   icmp   |      0|    0|  16|          32|          32|
    |exitcond_flatten1_fu_1537_p2         |   icmp   |      0|    0|   4|           8|           8|
    |exitcond_flatten_fu_1560_p2          |   icmp   |      0|    0|   3|           6|           5|
    |exitcond_fu_1856_p2                  |   icmp   |      0|    0|   2|           3|           4|
    |exitcond_i5_i_i_fu_2523_p2           |   icmp   |      0|    0|  16|          32|          32|
    |exitcond_i6_i_fu_2914_p2             |   icmp   |      0|    0|  16|          32|          32|
    |exitcond_i_fu_1219_p2                |   icmp   |      0|    0|  16|          32|          32|
    |exitcond_i_i_fu_1405_p2              |   icmp   |      0|    0|  16|          32|          32|
    |exitcond_i_i_i_fu_1691_p2            |   icmp   |      0|    0|   1|           2|           2|
    |sel_tmp1_fu_3067_p2                  |   icmp   |      0|    0|   1|           2|           1|
    |sel_tmp2_fu_1891_p2                  |   icmp   |      0|    0|   1|           2|           1|
    |sel_tmp3_fu_3080_p2                  |   icmp   |      0|    0|   1|           2|           1|
    |sel_tmp4_fu_1904_p2                  |   icmp   |      0|    0|   1|           2|           1|
    |sel_tmp5_fu_2625_p2                  |   icmp   |      0|    0|   1|           2|           3|
    |sel_tmp6_fu_2638_p2                  |   icmp   |      0|    0|   1|           2|           1|
    |sel_tmp7_fu_2651_p2                  |   icmp   |      0|    0|   1|           2|           1|
    |sel_tmp8_fu_3054_p2                  |   icmp   |      0|    0|   1|           2|           3|
    |sel_tmp_fu_1878_p2                   |   icmp   |      0|    0|   1|           2|           3|
    |tmp_100_fu_1868_p2                   |   icmp   |      0|    0|   1|           3|           1|
    |tmp_102_fu_2017_p2                   |   icmp   |      0|    0|   2|           3|           4|
    |tmp_103_fu_2984_p2                   |   icmp   |      0|    0|  16|          32|          32|
    |tmp_106_fu_2069_p2                   |   icmp   |      0|    0|   1|           3|           2|
    |tmp_112_fu_2300_p2                   |   icmp   |      0|    0|  16|          32|          32|
    |tmp_114_fu_3293_p2                   |   icmp   |      0|    0|   2|           3|           4|
    |tmp_136_fu_3311_p2                   |   icmp   |      0|    0|  16|          32|          32|
    |tmp_137_fu_2576_p2                   |   icmp   |      0|    0|  16|          32|          32|
    |tmp_138_fu_2464_p2                   |   icmp   |      0|    0|  16|          32|          32|
    |tmp_149_fu_2736_p2                   |   icmp   |      0|    0|   2|           3|           4|
    |tmp_151_fu_2754_p2                   |   icmp   |      0|    0|  16|          32|          32|
    |tmp_47_fu_1260_p2                    |   icmp   |      0|    0|  16|          32|          32|
    |tmp_49_fu_1265_p2                    |   icmp   |      0|    0|  16|          32|          32|
    |tmp_52_fu_1289_p2                    |   icmp   |      0|    0|  16|          32|           5|
    |tmp_56_fu_1474_p2                    |   icmp   |      0|    0|  16|          32|          32|
    |tmp_58_fu_2869_p2                    |   icmp   |      0|    0|  16|          32|          32|
    |tmp_62_fu_2885_p2                    |   icmp   |      0|    0|  16|          32|          32|
    |tmp_63_fu_2108_p2                    |   icmp   |      0|    0|  16|          32|          32|
    |tmp_75_fu_2128_p2                    |   icmp   |      0|    0|  16|          32|          32|
    |tmp_84_fu_2953_p2                    |   icmp   |      0|    0|  16|          32|          32|
    |tmp_89_fu_2962_p2                    |   icmp   |      0|    0|   2|           3|           4|
    |ult3_fu_1520_p2                      |   icmp   |      0|    0|  16|          32|          32|
    |ult4_fu_1637_p2                      |   icmp   |      0|    0|  16|          32|          32|
    |ult5_fu_1772_p2                      |   icmp   |      0|    0|  16|          32|          32|
    |ult6_fu_2003_p2                      |   icmp   |      0|    0|  16|          32|          32|
    |ult7_fu_2029_p2                      |   icmp   |      0|    0|  16|          32|          32|
    |ult_fu_1499_p2                       |   icmp   |      0|    0|  16|          32|          32|
    |ap_block_pp0_stage0_flag00011001     |    or    |      0|    0|   2|           1|           1|
    |brmerge6_i_i_i_fu_2045_p2            |    or    |      0|    0|   2|           1|           1|
    |tmp108_fu_2040_p2                    |    or    |      0|    0|   2|           1|           1|
    |tmp130_mid1_fu_1783_p2               |    or    |      0|    0|   2|           1|           1|
    |tmp69_fu_1531_p2                     |    or    |      0|    0|   2|           1|           1|
    |tmp_78_fu_1720_p2                    |    or    |      0|    0|   2|           1|           1|
    |actualOutputKMax_fu_2874_p3          |  select  |      0|    0|  32|           1|          32|
    |bufferDDR_3_28_fu_1925_p3            |  select  |      0|    0|  32|           1|          32|
    |bufferDDR_3_29_fu_1933_p3            |  select  |      0|    0|  32|           1|          32|
    |bufferDDR_3_30_fu_1941_p3            |  select  |      0|    0|  32|           1|          32|
    |bufferDDR_3_31_fu_1949_p3            |  select  |      0|    0|  32|           1|          32|
    |bufferDDR_3_32_fu_1957_p3            |  select  |      0|    0|  32|           1|          32|
    |bufferDDR_3_34_fu_2630_p3            |  select  |      0|    0|  32|           1|          32|
    |bufferDDR_3_35_fu_2643_p3            |  select  |      0|    0|  32|           1|          32|
    |bufferDDR_3_36_fu_2656_p3            |  select  |      0|    0|  32|           1|          32|
    |bufferDDR_3_37_fu_2664_p3            |  select  |      0|    0|  32|           1|          32|
    |bufferDDR_3_38_fu_2672_p3            |  select  |      0|    0|  32|           1|          32|
    |bufferDDR_3_39_fu_2680_p3            |  select  |      0|    0|  32|           1|          32|
    |bufferDDR_3_40_fu_2688_p3            |  select  |      0|    0|  32|           1|          32|
    |bufferDDR_3_41_fu_2696_p3            |  select  |      0|    0|  32|           1|          32|
    |bufferDDR_3_42_fu_2704_p3            |  select  |      0|    0|  32|           1|          32|
    |bufferDDR_3_7_fu_1909_p3             |  select  |      0|    0|  32|           1|          32|
    |bufferDDR_3_8_fu_1896_p3             |  select  |      0|    0|  32|           1|          32|
    |bufferDDR_3_9_fu_1917_p3             |  select  |      0|    0|  32|           1|          32|
    |bufferDDR_3_fu_1883_p3               |  select  |      0|    0|  32|           1|          32|
    |indvar_flatten_next_fu_2095_p3       |  select  |      0|    0|   6|           1|           1|
    |inputCMaxActual_fu_2113_p3           |  select  |      0|    0|  32|           1|          32|
    |iterBufferC_0_i_i_i_1_fu_1566_p3     |  select  |      0|    0|   4|           1|           1|
    |iterBufferC_0_i_i_i_3_fu_1797_p3     |  select  |      0|    0|   4|           1|           4|
    |iterBufferR_0_i_i_i_s_fu_1726_p3     |  select  |      0|    0|   2|           1|           1|
    |p_not5_i_i_i_mid2_fu_1648_p3         |  select  |      0|    0|   2|           1|           1|
    |partialIndexBufferC_1_fu_1581_p3     |  select  |      0|    0|   7|           1|           1|
    |partialIndexBufferC_2_fu_1805_p3     |  select  |      0|    0|   7|           1|           7|
    |partialIndexBufferR_1_fu_1742_p3     |  select  |      0|    0|   4|           1|           1|
    |partialIndexWeightC_1_fu_1574_p3     |  select  |      0|    0|  32|           1|          32|
    |partialIndexWeightR_1_fu_1734_p3     |  select  |      0|    0|  32|           1|           1|
    |tmp124_cast_mid2_v_v_1_fu_1656_p3    |  select  |      0|    0|  32|           1|          32|
    |tmp130_mid2_fu_1789_p3               |  select  |      0|    0|   2|           1|           1|
    |tmp130_mid_fu_1677_p3                |  select  |      0|    0|   2|           1|           1|
    |tmp_53_fu_1301_p3                    |  select  |      0|    0|  32|           1|          32|
    |tmp_66_mid2_v_fu_1599_p3             |  select  |      0|    0|   4|           1|           4|
    |tmp_91_cast_mid2_v_fu_1754_p3        |  select  |      0|    0|  32|           1|          32|
    |umax_i_i_fu_1270_p3                  |  select  |      0|    0|  32|           1|          32|
    |writeBuffer_3_10_fu_3059_p3          |  select  |      0|    0|  32|           1|          32|
    |writeBuffer_3_11_fu_3072_p3          |  select  |      0|    0|  32|           1|          32|
    |writeBuffer_3_12_fu_3093_p3          |  select  |      0|    0|  32|           1|          32|
    |writeBuffer_3_13_fu_3101_p3          |  select  |      0|    0|  32|           1|          32|
    |writeBuffer_3_14_fu_3109_p3          |  select  |      0|    0|  32|           1|          32|
    |writeBuffer_3_15_fu_3117_p3          |  select  |      0|    0|  32|           1|          32|
    |writeBuffer_3_16_fu_3125_p3          |  select  |      0|    0|  32|           1|          32|
    |writeBuffer_3_17_fu_3133_p3          |  select  |      0|    0|  32|           1|          32|
    |writeBuffer_3_18_fu_3141_p3          |  select  |      0|    0|  32|           1|          32|
    |writeBuffer_3_19_fu_3149_p3          |  select  |      0|    0|  32|           1|          32|
    |writeBuffer_3_20_fu_3165_p3          |  select  |      0|    0|  32|           1|          32|
    |writeBuffer_3_21_fu_3173_p3          |  select  |      0|    0|  32|           1|          32|
    |writeBuffer_3_22_fu_3181_p3          |  select  |      0|    0|  32|           1|          32|
    |writeBuffer_3_23_fu_3189_p3          |  select  |      0|    0|  32|           1|          32|
    |writeBuffer_3_24_fu_3197_p3          |  select  |      0|    0|  32|           1|          32|
    |writeBuffer_3_25_fu_3205_p3          |  select  |      0|    0|  32|           1|          32|
    |writeBuffer_3_26_fu_3220_p3          |  select  |      0|    0|  32|           1|          32|
    |writeBuffer_3_27_fu_3227_p3          |  select  |      0|    0|  32|           1|          32|
    |writeBuffer_3_28_fu_3234_p3          |  select  |      0|    0|  32|           1|          32|
    |writeBuffer_3_29_fu_3248_p3          |  select  |      0|    0|  32|           1|          32|
    |writeBuffer_3_30_fu_3255_p3          |  select  |      0|    0|  32|           1|          32|
    |writeBuffer_3_31_fu_3262_p3          |  select  |      0|    0|  32|           1|          32|
    |writeBuffer_3_32_fu_3046_p3          |  select  |      0|    0|  32|           1|          32|
    |writeBuffer_3_6_fu_3085_p3           |  select  |      0|    0|  32|           1|          32|
    |writeBuffer_3_7_fu_3157_p3           |  select  |      0|    0|  32|           1|          32|
    |writeBuffer_3_8_fu_3213_p3           |  select  |      0|    0|  32|           1|          32|
    |writeBuffer_3_9_fu_3241_p3           |  select  |      0|    0|  32|           1|          32|
    |ap_enable_pp0                        |    xor   |      0|    0|   2|           1|           2|
    |ap_enable_pp1                        |    xor   |      0|    0|   2|           1|           2|
    |ap_enable_reg_pp0_iter1              |    xor   |      0|    0|   2|           1|           2|
    |ap_enable_reg_pp1_iter1              |    xor   |      0|    0|   2|           1|           2|
    |not_exitcond_flatten_fu_1685_p2      |    xor   |      0|    0|   2|           1|           2|
    |p_op_i_i_fu_1295_p2                  |    xor   |      0|    0|  32|          32|           2|
    |rev3_fu_1525_p2                      |    xor   |      0|    0|   2|           1|           2|
    |rev4_fu_1642_p2                      |    xor   |      0|    0|   2|           1|           2|
    |rev5_fu_1777_p2                      |    xor   |      0|    0|   2|           1|           2|
    |rev6_fu_2007_p2                      |    xor   |      0|    0|   2|           1|           2|
    |rev7_fu_2034_p2                      |    xor   |      0|    0|   2|           1|           2|
    |rev_fu_1504_p2                       |    xor   |      0|    0|   2|           1|           2|
    +-------------------------------------+----------+-------+-----+----+------------+------------+
    |Total                                |          |     48| 6296|5813|        3710|        4951|
    +-------------------------------------+----------+-------+-----+----+------------+------------+

    * Multiplexer: 
    +--------------------------------------+-----+-----------+-----+-----------+
    |                 Name                 | LUT | Input Size| Bits| Total Bits|
    +--------------------------------------+-----+-----------+-----+-----------+
    |ap_NS_fsm                             |  325|         70|    1|         70|
    |ap_enable_reg_pp0_iter1               |    9|          2|    1|          2|
    |ap_enable_reg_pp0_iter9               |    9|          2|    1|          2|
    |ap_enable_reg_pp1_iter1               |    9|          2|    1|          2|
    |ap_enable_reg_pp1_iter2               |    9|          2|    1|          2|
    |ap_sig_ioackin_mem_ARREADY            |    9|          2|    1|          2|
    |ap_sig_ioackin_mem_AWREADY            |    9|          2|    1|          2|
    |ap_sig_ioackin_mem_WREADY             |    9|          2|    1|          2|
    |bufferBroadcast_address0              |   33|          7|   19|        133|
    |bufferBroadcast_ce0                   |   13|          3|    1|          3|
    |bufferBroadcast_d0                    |   13|          3|   16|         48|
    |bufferOutput_address0                 |   17|          4|   19|         76|
    |bufferOutput_ce0                      |   13|          3|    1|          3|
    |bufferOutput_d0                       |   13|          3|   16|         48|
    |bufferOutput_we0                      |   13|          3|    1|          3|
    |bufferWeights_assign_address0         |   13|          3|   10|         30|
    |bufferWeights_assign_ce0              |   13|          3|    1|          3|
    |bufferWeights_assign_d0               |   13|          3|   16|         48|
    |grp_fu_1051_p0                        |   17|          4|   32|        128|
    |indvar8_reg_859                       |    9|          2|    3|          6|
    |indvar_flatten1_reg_587               |    9|          2|    8|         16|
    |indvar_flatten_reg_618                |    9|          2|    6|         12|
    |indvar_reg_694                        |    9|          2|    3|          6|
    |iter1_0_i_i_reg_1010                  |    9|          2|    3|          6|
    |iterBatch_0_i_reg_485                 |    9|          2|   32|         64|
    |iterBufferC_0_i_i_i_reg_630           |    9|          2|    4|          8|
    |iterBufferH1_0_i_i_i_reg_772          |    9|          2|   32|         64|
    |iterBufferH2_0_i_i_i_reg_781          |    9|          2|   32|         64|
    |iterBufferH_0_i_i_i_reg_761           |    9|          2|   32|         64|
    |iterBufferK_0_i_i_i_reg_598           |    9|          2|    4|          8|
    |iterBufferR_0_i_i_i_reg_661           |    9|          2|    2|          4|
    |iterBufferW3_0_i_i_i_reg_792          |    9|          2|   32|         64|
    |iterBufferW4_0_i_i_i_reg_803          |    9|          2|   32|         64|
    |iterBufferW_0_i_i_i_reg_750           |    9|          2|   32|         64|
    |iterCMinor_0_i_i_i_reg_727            |    9|          2|   32|         64|
    |iterC_0_i_i_i_reg_716                 |    9|          2|   32|         64|
    |iterC_reg_575                         |    9|          2|   32|         64|
    |iterInputH_0_i_i_i_reg_824            |    9|          2|   32|         64|
    |iterInputKMinor_0_i_s_reg_530         |    9|          2|   32|         64|
    |iterInputK_0_i_i_reg_542              |    9|          2|   32|         64|
    |iterInputW_0_i_i_i_reg_847            |    9|          2|   32|         64|
    |iterM_0_i_i_reg_553                   |    9|          2|   32|         64|
    |iterMemInput_0_i_i_i_reg_738          |    9|          2|   32|         64|
    |iterMemInput_1_i_i_i_reg_812          |    9|          2|   32|         64|
    |iterMemInput_2_i_i_i_reg_835          |    9|          2|   32|         64|
    |iterMemInput_3_i_i_i_1_phi_fu_897_p4  |    9|          2|   32|         64|
    |iterMemInput_3_i_i_i_1_reg_893        |    9|          2|   32|         64|
    |iterMemInput_3_i_i_i_reg_870          |    9|          2|   32|         64|
    |iterN_0_i_i_reg_564                   |    9|          2|   32|         64|
    |iterOutputKMinor_0_i_reg_928          |    9|          2|   32|         64|
    |iterOutputK_0_i_i_reg_917             |    9|          2|   32|         64|
    |iterOutputK_reg_518                   |    9|          2|   32|         64|
    |iterOutputM_0_i_i_reg_952             |    9|          2|   32|         64|
    |iterOutputN_0_i_i_reg_975             |    9|          2|   32|         64|
    |iter_0_i9_i_i_reg_882                 |    9|          2|    3|          6|
    |iter_0_i_i_i_reg_705                  |    9|          2|    3|          6|
    |iter_0_i_i_reg_987                    |    9|          2|    3|          6|
    |memCounter_0_i_i_reg_905              |    9|          2|   32|         64|
    |memCounter_1_i_i_reg_940              |    9|          2|   32|         64|
    |memCounter_2_i_i_reg_963              |    9|          2|   32|         64|
    |memCounter_3_i_i_be_reg_1021          |    9|          2|   32|         64|
    |memCounter_3_i_i_reg_998              |    9|          2|   32|         64|
    |mem_ARADDR                            |   17|          4|   32|        128|
    |mem_ARLEN                             |   13|          3|   32|         96|
    |mem_blk_n_AR                          |    9|          2|    1|          2|
    |mem_blk_n_AW                          |    9|          2|    1|          2|
    |mem_blk_n_B                           |    9|          2|    1|          2|
    |mem_blk_n_R                           |    9|          2|    1|          2|
    |mem_blk_n_W                           |    9|          2|    1|          2|
    |partialIndexBufferC_s_reg_650         |    9|          2|    7|         14|
    |partialIndexBufferR_s_reg_683         |    9|          2|    4|          8|
    |partialIndexWeightC_s_reg_641         |    9|          2|   32|         64|
    |partialIndexWeightK_s_reg_609         |    9|          2|   32|         64|
    |partialIndexWeightR_s_reg_672         |    9|          2|   32|         64|
    |phi_mul1_reg_507                      |    9|          2|   32|         64|
    |phi_mul_reg_496                       |    9|          2|   32|         64|
    +--------------------------------------+-----+-----------+-----+-----------+
    |Total                                 | 1084|        240| 1446|       3315|
    +--------------------------------------+-----+-----------+-----+-----------+

    * Register: 
    +--------------------------------------------------+----+----+-----+-----------+
    |                       Name                       | FF | LUT| Bits| Const Bits|
    +--------------------------------------------------+----+----+-----+-----------+
    |actualOutputKMax_reg_4118                         |  32|   0|   32|          0|
    |ap_CS_fsm                                         |  69|   0|   69|          0|
    |ap_enable_reg_pp0_iter0                           |   1|   0|    1|          0|
    |ap_enable_reg_pp0_iter1                           |   1|   0|    1|          0|
    |ap_enable_reg_pp0_iter2                           |   1|   0|    1|          0|
    |ap_enable_reg_pp0_iter3                           |   1|   0|    1|          0|
    |ap_enable_reg_pp0_iter4                           |   1|   0|    1|          0|
    |ap_enable_reg_pp0_iter5                           |   1|   0|    1|          0|
    |ap_enable_reg_pp0_iter6                           |   1|   0|    1|          0|
    |ap_enable_reg_pp0_iter7                           |   1|   0|    1|          0|
    |ap_enable_reg_pp0_iter8                           |   1|   0|    1|          0|
    |ap_enable_reg_pp0_iter9                           |   1|   0|    1|          0|
    |ap_enable_reg_pp1_iter0                           |   1|   0|    1|          0|
    |ap_enable_reg_pp1_iter1                           |   1|   0|    1|          0|
    |ap_enable_reg_pp1_iter2                           |   1|   0|    1|          0|
    |ap_reg_grp_convLayer_ComputePar_fu_1033_ap_start  |   1|   0|    1|          0|
    |ap_reg_ioackin_mem_ARREADY                        |   1|   0|    1|          0|
    |ap_reg_ioackin_mem_AWREADY                        |   1|   0|    1|          0|
    |ap_reg_ioackin_mem_WREADY                         |   1|   0|    1|          0|
    |ap_reg_pp1_iter1_exitcond1_reg_4070               |   1|   0|    1|          0|
    |ap_reg_pp1_iter1_tmp_162_reg_4079                 |   2|   0|    2|          0|
    |batchSize_read_reg_3474                           |  32|   0|   32|          0|
    |bias_reg_3712                                     |  16|   0|   16|          0|
    |brmerge6_i_i_i_reg_3891                           |   1|   0|    1|          0|
    |bufferDDR_3_15_fu_300                             |  32|   0|   32|          0|
    |bufferDDR_3_16_fu_304                             |  32|   0|   32|          0|
    |bufferDDR_3_1_fu_276                              |  32|   0|   32|          0|
    |bufferDDR_3_2_fu_280                              |  32|   0|   32|          0|
    |bufferDDR_3_3_fu_284                              |  32|   0|   32|          0|
    |bufferDDR_3_4_fu_288                              |  32|   0|   32|          0|
    |bufferDDR_3_5_fu_292                              |  32|   0|   32|          0|
    |bufferDDR_3_6_fu_296                              |  32|   0|   32|          0|
    |bufferHMax_reg_3610                               |  32|   0|   32|          0|
    |bufferWMax_reg_3604                               |  32|   0|   32|          0|
    |bufferWeights_assign_1_reg_3873                   |  10|   0|   10|          0|
    |c_read_reg_3420                                   |  32|   0|   32|          0|
    |cond_reg_3479                                     |   1|   0|    1|          0|
    |exitcond1_reg_4070                                |   1|   0|    1|          0|
    |exitcond_flatten_reg_3776                         |   1|   0|    1|          0|
    |exitcond_reg_3853                                 |   1|   0|    1|          0|
    |h_read_reg_3401                                   |  32|   0|   32|          0|
    |indvar8_reg_859                                   |   3|   0|    3|          0|
    |indvar_flatten1_reg_587                           |   8|   0|    8|          0|
    |indvar_flatten_next1_reg_3771                     |   8|   0|    8|          0|
    |indvar_flatten_reg_618                            |   6|   0|    6|          0|
    |indvar_reg_694                                    |   3|   0|    3|          0|
    |inputCMaxActual_reg_3928                          |  32|   0|   32|          0|
    |iter1_0_i_i_reg_1010                              |   3|   0|    3|          0|
    |iterBatch_0_i_reg_485                             |  32|   0|   32|          0|
    |iterBatch_reg_3660                                |  32|   0|   32|          0|
    |iterBufferC_0_i_i_i_3_reg_3821                    |   4|   0|    4|          0|
    |iterBufferC_0_i_i_i_reg_630                       |   4|   0|    4|          0|
    |iterBufferH1_0_i_i_i_reg_772                      |  32|   0|   32|          0|
    |iterBufferH2_0_i_i_i_reg_781                      |  32|   0|   32|          0|
    |iterBufferH_0_i_i_i_reg_761                       |  32|   0|   32|          0|
    |iterBufferH_3_reg_4005                            |  32|   0|   32|          0|
    |iterBufferH_reg_3616                              |  32|   0|   32|          0|
    |iterBufferK_0_i_i_i_reg_598                       |   4|   0|    4|          0|
    |iterBufferR_0_i_i_i_1_reg_3832                    |   2|   0|   32|         30|
    |iterBufferR_0_i_i_i_reg_661                       |   2|   0|    2|          0|
    |iterBufferR_0_i_i_i_s_reg_3796                    |   2|   0|    2|          0|
    |iterBufferW3_0_i_i_i_reg_792                      |  32|   0|   32|          0|
    |iterBufferW4_0_i_i_i_reg_803                      |  32|   0|   32|          0|
    |iterBufferW_0_i_i_i_reg_750                       |  32|   0|   32|          0|
    |iterBufferW_2_reg_3975                            |  32|   0|   32|          0|
    |iterBufferW_reg_3621                              |  32|   0|   32|          0|
    |iterCMinor_0_i_i_i_reg_727                        |  32|   0|   32|          0|
    |iterCMinor_reg_3941                               |  32|   0|   32|          0|
    |iterC_0_i_i_i_reg_716                             |  32|   0|   32|          0|
    |iterC_2_reg_3923                                  |  32|   0|   32|          0|
    |iterC_reg_575                                     |  32|   0|   32|          0|
    |iterInputH_0_i_i_i_reg_824                        |  32|   0|   32|          0|
    |iterInputH_reg_4041                               |  32|   0|   32|          0|
    |iterInputKMinor_0_i_s_reg_530                     |  32|   0|   32|          0|
    |iterInputKMinor_reg_3696                          |  32|   0|   32|          0|
    |iterInputK_0_i_i_reg_542                          |  32|   0|   32|          0|
    |iterInputW_0_i_i_i_reg_847                        |  32|   0|   32|          0|
    |iterK_reg_4113                                    |  32|   0|   32|          0|
    |iterM_0_i_i_reg_553                               |  32|   0|   32|          0|
    |iterM_reg_3725                                    |  32|   0|   32|          0|
    |iterMemInput_0_i_i_i_reg_738                      |  32|   0|   32|          0|
    |iterMemInput_1_i_i_i_reg_812                      |  32|   0|   32|          0|
    |iterMemInput_2_i_i_i_reg_835                      |  32|   0|   32|          0|
    |iterMemInput_3_i_i_i_1_reg_893                    |  32|   0|   32|          0|
    |iterMemInput_3_i_i_i_reg_870                      |  32|   0|   32|          0|
    |iterN_0_i_i_reg_564                               |  32|   0|   32|          0|
    |iterOutputKMinor_0_i_reg_928                      |  32|   0|   32|          0|
    |iterOutputKMinor_reg_4131                         |  32|   0|   32|          0|
    |iterOutputK_0_i_i_reg_917                         |  32|   0|   32|          0|
    |iterOutputK_reg_518                               |  32|   0|   32|          0|
    |iterOutputM_0_i_i_reg_952                         |  32|   0|   32|          0|
    |iterOutputM_reg_4144                              |  32|   0|   32|          0|
    |iterOutputN_0_i_i_reg_975                         |  32|   0|   32|          0|
    |iter_0_i9_i_i_reg_882                             |   3|   0|    3|          0|
    |iter_0_i_i_i_reg_705                              |   3|   0|    3|          0|
    |iter_0_i_i_reg_987                                |   3|   0|    3|          0|
    |iter_1_reg_3886                                   |   3|   0|    3|          0|
    |iter_2_reg_4170                                   |   3|   0|    3|          0|
    |iter_3_reg_4089                                   |   3|   0|    3|          0|
    |iter_reg_4209                                     |   3|   0|    3|          0|
    |k_read_reg_3452                                   |  32|   0|   32|          0|
    |kernelSize_read_reg_3385                          |  32|   0|   32|          0|
    |m_read_reg_3432                                   |  32|   0|   32|          0|
    |memCounter_0_i_i_reg_905                          |  32|   0|   32|          0|
    |memCounter_1_i_i_reg_940                          |  32|   0|   32|          0|
    |memCounter_2_i_i_reg_963                          |  32|   0|   32|          0|
    |memCounter_3_i_i_be_reg_1021                      |  32|   0|   32|          0|
    |memCounter_3_i_i_reg_998                          |  32|   0|   32|          0|
    |mem_addr_1_reg_3842                               |  32|   0|   32|          0|
    |mem_addr_2_reg_4222                               |  32|   0|   32|          0|
    |mem_addr_3_reg_4064                               |  32|   0|   32|          0|
    |mem_addr_reg_3701                                 |  32|   0|   32|          0|
    |n_read_reg_3441                                   |  32|   0|   32|          0|
    |next_mul1_reg_3647                                |  32|   0|   32|          0|
    |next_mul_reg_3652                                 |  32|   0|   32|          0|
    |pad_read_reg_3373                                 |  32|   0|   32|          0|
    |partialBankInputCMin_1_reg_3961                   |   3|   0|    8|          5|
    |partialBankInputW_reg_3966                        |   2|   0|    2|          0|
    |partialBankN_reg_4175                             |   2|   0|    2|          0|
    |partialDepthInputCMi_reg_3946                     |  20|   0|   32|         12|
    |partialDepthInputH_2_reg_4046                     |  26|   0|   32|          6|
    |partialDepthK_reg_4136                            |  20|   0|   32|         12|
    |partialDepthM_reg_4154                            |  26|   0|   32|          6|
    |partialDepthOutputK_reg_3717                      |  20|   0|   32|         12|
    |partialDepthOutputM_reg_3735                      |  26|   0|   32|          6|
    |partialIndexBufferC_2_reg_3826                    |   7|   0|    7|          0|
    |partialIndexBufferC_s_reg_650                     |   7|   0|    7|          0|
    |partialIndexBufferR_1_reg_3806                    |   4|   0|    4|          0|
    |partialIndexBufferR_2_reg_3837                    |   4|   0|    7|          3|
    |partialIndexBufferR_s_reg_683                     |   4|   0|    4|          0|
    |partialIndexWeightC_reg_3756                      |  32|   0|   32|          0|
    |partialIndexWeightC_s_reg_641                     |  32|   0|   32|          0|
    |partialIndexWeightK_reg_3707                      |  32|   0|   32|          0|
    |partialIndexWeightK_s_reg_609                     |  32|   0|   32|          0|
    |partialIndexWeightR_1_reg_3801                    |  32|   0|   32|          0|
    |partialIndexWeightR_s_reg_672                     |  32|   0|   32|          0|
    |partialOffsetWeightC_reg_3571                     |  32|   0|   32|          0|
    |partialOffsetWeightK_reg_3598                     |  32|   0|   32|          0|
    |phi_mul1_reg_507                                  |  32|   0|   32|          0|
    |phi_mul_reg_496                                   |  32|   0|   32|          0|
    |reg_1102                                          |  32|   0|   32|          0|
    |rev6_reg_3878                                     |   1|   0|    1|          0|
    |stride_read_reg_3396                              |  32|   0|   32|          0|
    |tmp124_cast_mid2_v_v_1_reg_3791                   |  32|   0|   32|          0|
    |tmp130_mid2_reg_3816                              |   1|   0|    1|          0|
    |tmp142_cast_reg_3680                              |  33|   0|   34|          1|
    |tmp45_reg_3626                                    |  32|   0|   32|          0|
    |tmp46_reg_3631                                    |  32|   0|   32|          0|
    |tmp51_reg_3762                                    |  32|   0|   32|          0|
    |tmp52_reg_3848                                    |  32|   0|   32|          0|
    |tmp_100_reg_3862                                  |   1|   0|    1|          0|
    |tmp_101_reg_4149                                  |   2|   0|    2|          0|
    |tmp_103_reg_4182                                  |   1|   0|    1|          0|
    |tmp_107_reg_3866                                  |   2|   0|    2|          0|
    |tmp_116_reg_4010                                  |   2|   0|    2|          0|
    |tmp_121_cast_reg_4051                             |   2|   0|    2|          0|
    |tmp_126_reg_4190                                  |  21|   0|   21|          0|
    |tmp_141_reg_4232                                  |  32|   0|   32|          0|
    |tmp_148_reg_4217                                  |   2|   0|    2|          0|
    |tmp_151_reg_4094                                  |   1|   0|    1|          0|
    |tmp_162_reg_4079                                  |   2|   0|    2|          0|
    |tmp_166_reg_4103                                  |  21|   0|   21|          0|
    |tmp_42_cast_reg_3578                              |  30|   0|   33|          3|
    |tmp_42_reg_3561                                   |  30|   0|   30|          0|
    |tmp_43_reg_3566                                   |  30|   0|   30|          0|
    |tmp_45_cast_reg_3588                              |  30|   0|   33|          3|
    |tmp_45_reg_3665                                   |  32|   0|   32|          0|
    |tmp_46_reg_3670                                   |  32|   0|   32|          0|
    |tmp_53_reg_3688                                   |  32|   0|   32|          0|
    |tmp_60_reg_3583                                   |  30|   0|   32|          2|
    |tmp_61_reg_3636                                   |  28|   0|   28|          0|
    |tmp_63_cast_reg_3593                              |  32|   0|   33|          1|
    |tmp_64_reg_3641                                   |   2|   0|    2|          0|
    |tmp_66_mid2_v_reg_3781                            |   4|   0|    4|          0|
    |tmp_67_cast_reg_4123                              |  32|   0|   33|          1|
    |tmp_68_reg_3730                                   |   2|   0|    2|          0|
    |tmp_71_cast_reg_3675                              |  32|   0|   33|          1|
    |tmp_76_cast_reg_3933                              |  32|   0|   34|          2|
    |tmp_77_reg_3786                                   |   8|   0|   11|          3|
    |tmp_86_reg_3980                                   |  32|   0|   32|          0|
    |tmp_91_cast_mid2_v_reg_3811                       |  32|   0|   32|          0|
    |tmp_93_reg_4016                                   |  26|   0|   32|          6|
    |tmp_96_reg_3953                                   |   3|   0|    3|          0|
    |tmp_s_reg_3555                                    |  30|   0|   30|          0|
    |useReLu_read_reg_3466                             |   1|   0|    1|          0|
    |w_read_reg_3410                                   |  32|   0|   32|          0|
    |writeBuffer_3_1_fu_260                            |  32|   0|   32|          0|
    |writeBuffer_3_2_fu_264                            |  32|   0|   32|          0|
    |writeBuffer_3_3_fu_268                            |  32|   0|   32|          0|
    |writeBuffer_3_fu_272                              |  32|   0|   32|          0|
    |exitcond_reg_3853                                 |  64|  32|    1|          0|
    |tmp_107_reg_3866                                  |  64|  32|    2|          0|
    +--------------------------------------------------+----+----+-----+-----------+
    |Total                                             |4099|  64| 4089|        115|
    +--------------------------------------------------+----+----+-----+-----------+



================================================================
== Interface
================================================================
* Summary: 
+------------------------+-----+-----+------------+--------------+--------------+
|        RTL Ports       | Dir | Bits|  Protocol  | Source Object|    C Type    |
+------------------------+-----+-----+------------+--------------+--------------+
|s_axi_CTRL_BUS_AWVALID  |  in |    1|    s_axi   |   CTRL_BUS   |    scalar    |
|s_axi_CTRL_BUS_AWREADY  | out |    1|    s_axi   |   CTRL_BUS   |    scalar    |
|s_axi_CTRL_BUS_AWADDR   |  in |    8|    s_axi   |   CTRL_BUS   |    scalar    |
|s_axi_CTRL_BUS_WVALID   |  in |    1|    s_axi   |   CTRL_BUS   |    scalar    |
|s_axi_CTRL_BUS_WREADY   | out |    1|    s_axi   |   CTRL_BUS   |    scalar    |
|s_axi_CTRL_BUS_WDATA    |  in |   32|    s_axi   |   CTRL_BUS   |    scalar    |
|s_axi_CTRL_BUS_WSTRB    |  in |    4|    s_axi   |   CTRL_BUS   |    scalar    |
|s_axi_CTRL_BUS_ARVALID  |  in |    1|    s_axi   |   CTRL_BUS   |    scalar    |
|s_axi_CTRL_BUS_ARREADY  | out |    1|    s_axi   |   CTRL_BUS   |    scalar    |
|s_axi_CTRL_BUS_ARADDR   |  in |    8|    s_axi   |   CTRL_BUS   |    scalar    |
|s_axi_CTRL_BUS_RVALID   | out |    1|    s_axi   |   CTRL_BUS   |    scalar    |
|s_axi_CTRL_BUS_RREADY   |  in |    1|    s_axi   |   CTRL_BUS   |    scalar    |
|s_axi_CTRL_BUS_RDATA    | out |   32|    s_axi   |   CTRL_BUS   |    scalar    |
|s_axi_CTRL_BUS_RRESP    | out |    2|    s_axi   |   CTRL_BUS   |    scalar    |
|s_axi_CTRL_BUS_BVALID   | out |    1|    s_axi   |   CTRL_BUS   |    scalar    |
|s_axi_CTRL_BUS_BREADY   |  in |    1|    s_axi   |   CTRL_BUS   |    scalar    |
|s_axi_CTRL_BUS_BRESP    | out |    2|    s_axi   |   CTRL_BUS   |    scalar    |
|ap_clk                  |  in |    1| ap_ctrl_hs |  accelerator | return value |
|ap_rst_n                |  in |    1| ap_ctrl_hs |  accelerator | return value |
|ap_start                |  in |    1| ap_ctrl_hs |  accelerator | return value |
|ap_done                 | out |    1| ap_ctrl_hs |  accelerator | return value |
|ap_idle                 | out |    1| ap_ctrl_hs |  accelerator | return value |
|ap_ready                | out |    1| ap_ctrl_hs |  accelerator | return value |
|m_axi_mem_AWVALID       | out |    1|    m_axi   |      mem     |    pointer   |
|m_axi_mem_AWREADY       |  in |    1|    m_axi   |      mem     |    pointer   |
|m_axi_mem_AWADDR        | out |   32|    m_axi   |      mem     |    pointer   |
|m_axi_mem_AWID          | out |    1|    m_axi   |      mem     |    pointer   |
|m_axi_mem_AWLEN         | out |    8|    m_axi   |      mem     |    pointer   |
|m_axi_mem_AWSIZE        | out |    3|    m_axi   |      mem     |    pointer   |
|m_axi_mem_AWBURST       | out |    2|    m_axi   |      mem     |    pointer   |
|m_axi_mem_AWLOCK        | out |    2|    m_axi   |      mem     |    pointer   |
|m_axi_mem_AWCACHE       | out |    4|    m_axi   |      mem     |    pointer   |
|m_axi_mem_AWPROT        | out |    3|    m_axi   |      mem     |    pointer   |
|m_axi_mem_AWQOS         | out |    4|    m_axi   |      mem     |    pointer   |
|m_axi_mem_AWREGION      | out |    4|    m_axi   |      mem     |    pointer   |
|m_axi_mem_AWUSER        | out |    1|    m_axi   |      mem     |    pointer   |
|m_axi_mem_WVALID        | out |    1|    m_axi   |      mem     |    pointer   |
|m_axi_mem_WREADY        |  in |    1|    m_axi   |      mem     |    pointer   |
|m_axi_mem_WDATA         | out |   32|    m_axi   |      mem     |    pointer   |
|m_axi_mem_WSTRB         | out |    4|    m_axi   |      mem     |    pointer   |
|m_axi_mem_WLAST         | out |    1|    m_axi   |      mem     |    pointer   |
|m_axi_mem_WID           | out |    1|    m_axi   |      mem     |    pointer   |
|m_axi_mem_WUSER         | out |    1|    m_axi   |      mem     |    pointer   |
|m_axi_mem_ARVALID       | out |    1|    m_axi   |      mem     |    pointer   |
|m_axi_mem_ARREADY       |  in |    1|    m_axi   |      mem     |    pointer   |
|m_axi_mem_ARADDR        | out |   32|    m_axi   |      mem     |    pointer   |
|m_axi_mem_ARID          | out |    1|    m_axi   |      mem     |    pointer   |
|m_axi_mem_ARLEN         | out |    8|    m_axi   |      mem     |    pointer   |
|m_axi_mem_ARSIZE        | out |    3|    m_axi   |      mem     |    pointer   |
|m_axi_mem_ARBURST       | out |    2|    m_axi   |      mem     |    pointer   |
|m_axi_mem_ARLOCK        | out |    2|    m_axi   |      mem     |    pointer   |
|m_axi_mem_ARCACHE       | out |    4|    m_axi   |      mem     |    pointer   |
|m_axi_mem_ARPROT        | out |    3|    m_axi   |      mem     |    pointer   |
|m_axi_mem_ARQOS         | out |    4|    m_axi   |      mem     |    pointer   |
|m_axi_mem_ARREGION      | out |    4|    m_axi   |      mem     |    pointer   |
|m_axi_mem_ARUSER        | out |    1|    m_axi   |      mem     |    pointer   |
|m_axi_mem_RVALID        |  in |    1|    m_axi   |      mem     |    pointer   |
|m_axi_mem_RREADY        | out |    1|    m_axi   |      mem     |    pointer   |
|m_axi_mem_RDATA         |  in |   32|    m_axi   |      mem     |    pointer   |
|m_axi_mem_RLAST         |  in |    1|    m_axi   |      mem     |    pointer   |
|m_axi_mem_RID           |  in |    1|    m_axi   |      mem     |    pointer   |
|m_axi_mem_RUSER         |  in |    1|    m_axi   |      mem     |    pointer   |
|m_axi_mem_RRESP         |  in |    2|    m_axi   |      mem     |    pointer   |
|m_axi_mem_BVALID        |  in |    1|    m_axi   |      mem     |    pointer   |
|m_axi_mem_BREADY        | out |    1|    m_axi   |      mem     |    pointer   |
|m_axi_mem_BRESP         |  in |    2|    m_axi   |      mem     |    pointer   |
|m_axi_mem_BID           |  in |    1|    m_axi   |      mem     |    pointer   |
|m_axi_mem_BUSER         |  in |    1|    m_axi   |      mem     |    pointer   |
+------------------------+-----+-----+------------+--------------+--------------+

