

================================================================
== Vivado HLS Report for 'convLayer_ComputePar'
================================================================
* Date:           Thu Mar 15 20:12:17 2018

* Version:        2017.2 (Build 1909853 on Thu Jun 15 18:55:24 MDT 2017)
* Project:        accelerator
* Solution:       solution_basic
* Product family: virtexu
* Target device:  xcvu095-ffvc1517-2-e


================================================================
== Performance Estimates
================================================================
+ Timing (ns): 
    * Summary: 
    +--------+-------+----------+------------+
    |  Clock | Target| Estimated| Uncertainty|
    +--------+-------+----------+------------+
    |ap_clk  |   5.00|      3.89|        0.62|
    +--------+-------+----------+------------+

+ Latency (clock cycles): 
    * Summary: 
    +-----+-----+-----+-----+---------+
    |  Latency  |  Interval | Pipeline|
    | min | max | min | max |   Type  |
    +-----+-----+-----+-----+---------+
    |    ?|    ?|    ?|    ?|   none  |
    +-----+-----+-----+-----+---------+

    + Detail: 
        * Instance: 
        N/A

        * Loop: 
        +----------------------------------------------+------+------+----------+-----------+-----------+------+----------+
        |                                              |   Latency   | Iteration|  Initiation Interval  | Trip |          |
        |                   Loop Name                  |  min |  max |  Latency |  achieved |   target  | Count| Pipelined|
        +----------------------------------------------+------+------+----------+-----------+-----------+------+----------+
        |- CONVLAYER_COMPUTE_FOR_M                     |     ?|     ?|         ?|          -|          -|     ?|    no    |
        | + CONVLAYER_COMPUTE_FOR_N                    |     ?|     ?|      7173|          -|          -|     ?|    no    |
        |  ++ CONVLAYER_COMPUTE_FOR_INPUTBUFFER_C      |   208|   208|        26|          -|          -|     8|    no    |
        |   +++ CONVLAYER_COMPUTE_FOR_INPUTBUFFER_R    |    24|    24|         8|          -|          -|     3|    no    |
        |    ++++ CONVLAYER_COMPUTE_FOR_INPUTBUFFER_S  |     6|     6|         2|          -|          -|     3|    no    |
        |  ++ CONVLAYER_COMPUTE_FOR_OUTPUTBUFFER_K     |    16|    16|         2|          -|          -|     8|    no    |
        |  ++ COMPUTE_FOR_OUTPUT                       |  6928|  6928|       866|          -|          -|     8|    no    |
        |   +++ COMPUTE_FOR_DOT_PRODUCT                |   864|   864|        12|          -|          -|    72|    no    |
        |  ++ CONVLAYER_COMPUTE_FOR_OFFLOAD_K          |    16|    16|         2|          -|          -|     8|    no    |
        +----------------------------------------------+------+------+----------+-----------+-----------+------+----------+



================================================================
== Utilization Estimates
================================================================
* Summary: 
+-----------------+---------+-------+---------+--------+
|       Name      | BRAM_18K| DSP48E|    FF   |   LUT  |
+-----------------+---------+-------+---------+--------+
|DSP              |        -|      -|        -|       -|
|Expression       |        -|      -|     1393|     777|
|FIFO             |        -|      -|        -|       -|
|Instance         |        -|      4|      200|     148|
|Memory           |        1|      -|       32|       2|
|Multiplexer      |        -|      -|        -|     328|
|Register         |        -|      -|      494|       -|
+-----------------+---------+-------+---------+--------+
|Total            |        1|      4|     2119|    1255|
+-----------------+---------+-------+---------+--------+
|Available        |     3456|    768|  1075200|  537600|
+-----------------+---------+-------+---------+--------+
|Utilization (%)  |    ~0   |   ~0  |    ~0   |   ~0   |
+-----------------+---------+-------+---------+--------+

+ Detail: 
    * Instance: 
    +-------------------------+----------------------+---------+-------+-----+-----+
    |         Instance        |        Module        | BRAM_18K| DSP48E|  FF | LUT |
    +-------------------------+----------------------+---------+-------+-----+-----+
    |accelerator_hadd_dEe_U1  |accelerator_hadd_dEe  |        0|      2|  109|  113|
    |accelerator_hmul_eOg_U2  |accelerator_hmul_eOg  |        0|      2|   91|   35|
    +-------------------------+----------------------+---------+-------+-----+-----+
    |Total                    |                      |        0|      4|  200|  148|
    +-------------------------+----------------------+---------+-------+-----+-----+

    * DSP48: 
    N/A

    * Memory: 
    +-----------------------+----------------------+---------+----+----+------+-----+------+-------------+
    |         Memory        |        Module        | BRAM_18K| FF | LUT| Words| Bits| Banks| W*Bits*Banks|
    +-----------------------+----------------------+---------+----+----+------+-----+------+-------------+
    |bufferInputCompute_U   |convLayer_Computebkb  |        1|   0|   0|    72|   16|     1|         1152|
    |bufferOutputCompute_U  |convLayer_Computecud  |        0|  32|   2|     8|   16|     1|          128|
    +-----------------------+----------------------+---------+----+----+------+-----+------+-------------+
    |Total                  |                      |        1|  32|   2|    80|   32|     2|         1280|
    +-----------------------+----------------------+---------+----+----+------+-----+------+-------------+

    * FIFO: 
    N/A

    * Expression: 
    +-------------------------------+----------+-------+-----+----+------------+------------+
    |         Variable Name         | Operation| DSP48E|  FF | LUT| Bitwidth P0| Bitwidth P1|
    +-------------------------------+----------+-------+-----+----+------------+------------+
    |bufferInputIndex_3_fu_545_p2   |     +    |      0|   26|  13|           7|           4|
    |bufferOutputIndex_4_fu_751_p2  |     +    |      0|   17|  10|           4|           1|
    |bufferOutputIndex_5_fu_893_p2  |     +    |      0|   17|  10|           4|           1|
    |iterC_1_fu_539_p2              |     +    |      0|   17|  10|           4|           1|
    |iterDotProduct_fu_858_p2       |     +    |      0|   26|  13|           7|           1|
    |iterH_1_fu_524_p2              |     +    |      0|  101|  38|          32|          32|
    |iterM_1_fu_461_p2              |     +    |      0|  101|  38|           1|          32|
    |iterN_1_fu_514_p2              |     +    |      0|  101|  38|          32|           1|
    |iterOutput_fu_811_p2           |     +    |      0|   17|  10|           4|           1|
    |iterR_1_fu_577_p2              |     +    |      0|   11|   8|           2|           1|
    |iterS_1_fu_634_p2              |     +    |      0|   11|   8|           2|           1|
    |iterW_1_fu_937_p2              |     +    |      0|  101|  38|          32|          32|
    |partialBankW_fu_646_p2         |     +    |      0|   11|   8|           2|           2|
    |tmp_11_fu_587_p2               |     +    |      0|   89|  34|          28|          28|
    |tmp_12_cast_fu_602_p2          |     +    |      0|   11|   8|           2|           2|
    |tmp_15_fu_607_p2               |     +    |      0|   26|  13|           2|           7|
    |tmp_17_fu_503_p2               |     +    |      0|   68|  27|          21|          21|
    |tmp_24_fu_790_p2               |     +    |      0|   68|  27|          21|          21|
    |tmp_25_fu_899_p2               |     +    |      0|  101|  38|          32|          32|
    |tmp_27_fu_640_p2               |     +    |      0|  101|  38|          32|          32|
    |tmp_31_fu_846_p2               |     +    |      0|   38|  17|          11|          11|
    |tmp_35_fu_689_p2               |     +    |      0|    0|  32|          21|          21|
    |tmp_38_fu_714_p2               |     +    |      0|    0|  32|          21|          21|
    |tmp_40_fu_873_p2               |     +    |      0|   38|  17|          11|          11|
    |tmp_41_fu_735_p2               |     +    |      0|   26|  13|           7|           1|
    |tmp_44_fu_932_p2               |     +    |      0|   68|  27|          21|          21|
    |tmp_4_fu_551_p2                |     +    |      0|  101|  38|          32|          32|
    |tmp_7_fu_757_p2                |     +    |      0|  101|  38|          32|          32|
    |exitcond1_fu_745_p2            |   icmp   |      0|    0|   2|           4|           5|
    |exitcond2_fu_509_p2            |   icmp   |      0|    0|  16|          32|          32|
    |exitcond3_fu_456_p2            |   icmp   |      0|    0|  16|          32|          32|
    |exitcond_fu_887_p2             |   icmp   |      0|    0|   2|           4|           5|
    |tmp_1_fu_533_p2                |   icmp   |      0|    0|   2|           4|           5|
    |tmp_22_fu_628_p2               |   icmp   |      0|    0|   1|           2|           2|
    |tmp_26_fu_904_p2               |   icmp   |      0|    0|  16|          32|          32|
    |tmp_2_i_fu_852_p2              |   icmp   |      0|    0|   4|           7|           7|
    |tmp_5_fu_571_p2                |   icmp   |      0|    0|   1|           2|           2|
    |tmp_9_fu_762_p2                |   icmp   |      0|    0|  16|          32|          32|
    |tmp_i_fu_805_p2                |   icmp   |      0|    0|   2|           4|           5|
    |ult1_fu_613_p2                 |   icmp   |      0|    0|  16|          32|          32|
    |ult2_fu_651_p2                 |   icmp   |      0|    0|  16|          32|          32|
    |ult_fu_556_p2                  |   icmp   |      0|    0|  16|          32|          32|
    |brmerge_fu_667_p2              |    or    |      0|    0|   2|           1|           1|
    |tmp1_fu_662_p2                 |    or    |      0|    0|   2|           1|           1|
    |rev1_fu_618_p2                 |    xor   |      0|    0|   2|           1|           2|
    |rev2_fu_656_p2                 |    xor   |      0|    0|   2|           1|           2|
    |rev_fu_561_p2                  |    xor   |      0|    0|   2|           1|           2|
    +-------------------------------+----------+-------+-----+----+------------+------------+
    |Total                          |          |      0| 1393| 777|         683|         666|
    +-------------------------------+----------+-------+-----+----+------------+------------+

    * Multiplexer: 
    +------------------------------+-----+-----------+-----+-----------+
    |             Name             | LUT | Input Size| Bits| Total Bits|
    +------------------------------+-----+-----------+-----+-----------+
    |ap_NS_fsm                     |  117|         25|    1|         25|
    |bufferInputCompute_address0   |   17|          4|    7|         28|
    |bufferInputCompute_d0         |   13|          3|   16|         48|
    |bufferInputIndex_1_reg_355    |    9|          2|    7|         14|
    |bufferInputIndex_2_reg_377    |    9|          2|    7|         14|
    |bufferInputIndex_reg_331      |    9|          2|    7|         14|
    |bufferOutputCompute_address0  |   25|          5|    3|         15|
    |bufferOutputCompute_d0        |   17|          4|   16|         64|
    |bufferOutputIndex_1_reg_433   |    9|          2|    4|          8|
    |bufferOutputIndex_reg_399     |    9|          2|    4|          8|
    |bufferOutput_address0         |   13|          3|   19|         57|
    |iterC_reg_343                 |    9|          2|    4|          8|
    |iterDotProduct_i_reg_422      |    9|          2|    7|         14|
    |iterH_reg_296                 |    9|          2|   32|         64|
    |iterM_reg_285                 |    9|          2|   32|         64|
    |iterN_reg_308                 |    9|          2|   32|         64|
    |iterOutput_i_reg_411          |    9|          2|    4|          8|
    |iterR_reg_366                 |    9|          2|    2|          4|
    |iterS_reg_388                 |    9|          2|    2|          4|
    |iterW_reg_319                 |    9|          2|   32|         64|
    +------------------------------+-----+-----------+-----+-----------+
    |Total                         |  328|         72|  238|        589|
    +------------------------------+-----+-----------+-----+-----------+

    * Register: 
    +--------------------------------+----+----+-----+-----------+
    |              Name              | FF | LUT| Bits| Const Bits|
    +--------------------------------+----+----+-----+-----------+
    |ap_CS_fsm                       |  24|   0|   24|          0|
    |brmerge_reg_1098                |   1|   0|    1|          0|
    |bufferInputCompute_l_reg_1170   |  16|   0|   16|          0|
    |bufferInputIndex_1_reg_355      |   7|   0|    7|          0|
    |bufferInputIndex_2_reg_377      |   7|   0|    7|          0|
    |bufferInputIndex_3_reg_1052     |   7|   0|    7|          0|
    |bufferInputIndex_reg_331        |   7|   0|    7|          0|
    |bufferOutputCompute_2_reg_1142  |   3|   0|    3|          0|
    |bufferOutputCompute_3_reg_1180  |  16|   0|   16|          0|
    |bufferOutputIndex_1_reg_433     |   4|   0|    4|          0|
    |bufferOutputIndex_4_reg_1115    |   4|   0|    4|          0|
    |bufferOutputIndex_5_reg_1193    |   4|   0|    4|          0|
    |bufferOutputIndex_reg_399       |   4|   0|    4|          0|
    |bufferWeights_load_reg_1165     |  16|   0|   16|          0|
    |iterC_1_reg_1047                |   4|   0|    4|          0|
    |iterC_reg_343                   |   4|   0|    4|          0|
    |iterDotProduct_i_reg_422        |   7|   0|    7|          0|
    |iterDotProduct_reg_1150         |   7|   0|    7|          0|
    |iterH_reg_296                   |  32|   0|   32|          0|
    |iterM_1_reg_1005                |  32|   0|   32|          0|
    |iterM_reg_285                   |  32|   0|   32|          0|
    |iterN_1_reg_1029                |  32|   0|   32|          0|
    |iterN_reg_308                   |  32|   0|   32|          0|
    |iterOutput_i_reg_411            |   4|   0|    4|          0|
    |iterOutput_reg_1132             |   4|   0|    4|          0|
    |iterR_1_reg_1065                |   2|   0|    2|          0|
    |iterR_reg_366                   |   2|   0|    2|          0|
    |iterS_1_reg_1093                |   2|   0|    2|          0|
    |iterS_reg_388                   |   2|   0|    2|          0|
    |iterW_reg_319                   |  32|   0|   32|          0|
    |partialBankN_reg_994            |   2|   0|    2|          0|
    |rev1_reg_1085                   |   1|   0|    1|          0|
    |rev_reg_1057                    |   1|   0|    1|          0|
    |tmp_12_cast_reg_1075            |   2|   0|    2|          0|
    |tmp_12_reg_1010                 |  28|   0|   28|          0|
    |tmp_13_reg_1015                 |   2|   0|    2|          0|
    |tmp_15_reg_1080                 |   7|   0|    7|          0|
    |tmp_17_reg_1020                 |  21|   0|   21|          0|
    |tmp_18_reg_1070                 |  15|   0|   15|          0|
    |tmp_26_reg_1198                 |   1|   0|    1|          0|
    |tmp_31_reg_1137                 |   8|   0|   11|          3|
    |tmp_44_reg_1207                 |  21|   0|   21|          0|
    |tmp_5_i_reg_1175                |  16|   0|   16|          0|
    |tmp_6_i_reg_1185                |  16|   0|   16|          0|
    |tmp_9_reg_1120                  |   1|   0|    1|          0|
    |tmp_reg_1034                    |   2|   0|    2|          0|
    +--------------------------------+----+----+-----+-----------+
    |Total                           | 494|   0|  497|          3|
    +--------------------------------+----+----+-----+-----------+



================================================================
== Interface
================================================================
* Summary: 
+--------------------------+-----+-----+------------+----------------------+--------------+
|         RTL Ports        | Dir | Bits|  Protocol  |     Source Object    |    C Type    |
+--------------------------+-----+-----+------------+----------------------+--------------+
|ap_clk                    |  in |    1| ap_ctrl_hs | convLayer_ComputePar | return value |
|ap_rst                    |  in |    1| ap_ctrl_hs | convLayer_ComputePar | return value |
|ap_start                  |  in |    1| ap_ctrl_hs | convLayer_ComputePar | return value |
|ap_done                   | out |    1| ap_ctrl_hs | convLayer_ComputePar | return value |
|ap_idle                   | out |    1| ap_ctrl_hs | convLayer_ComputePar | return value |
|ap_ready                  | out |    1| ap_ctrl_hs | convLayer_ComputePar | return value |
|bufferBroadcast_address0  | out |   19|  ap_memory |    bufferBroadcast   |     array    |
|bufferBroadcast_ce0       | out |    1|  ap_memory |    bufferBroadcast   |     array    |
|bufferBroadcast_q0        |  in |   16|  ap_memory |    bufferBroadcast   |     array    |
|bufferWeights_address0    | out |   10|  ap_memory |     bufferWeights    |     array    |
|bufferWeights_ce0         | out |    1|  ap_memory |     bufferWeights    |     array    |
|bufferWeights_q0          |  in |   16|  ap_memory |     bufferWeights    |     array    |
|bufferOutput_address0     | out |   19|  ap_memory |     bufferOutput     |     array    |
|bufferOutput_ce0          | out |    1|  ap_memory |     bufferOutput     |     array    |
|bufferOutput_we0          | out |    1|  ap_memory |     bufferOutput     |     array    |
|bufferOutput_d0           | out |   16|  ap_memory |     bufferOutput     |     array    |
|bufferOutput_q0           |  in |   16|  ap_memory |     bufferOutput     |     array    |
|outputMMax                |  in |   32|   ap_none  |      outputMMax      |    scalar    |
|outputNMax                |  in |   32|   ap_none  |      outputNMax      |    scalar    |
|weightRMax                |  in |   32|   ap_none  |      weightRMax      |    scalar    |
|weightSMax                |  in |   32|   ap_none  |      weightSMax      |    scalar    |
|weightCMax                |  in |   32|   ap_none  |      weightCMax      |    scalar    |
|weightKMax                |  in |   32|   ap_none  |      weightKMax      |    scalar    |
|weightCOffset             |  in |   32|   ap_none  |     weightCOffset    |    scalar    |
|weightKOffset             |  in |   32|   ap_none  |     weightKOffset    |    scalar    |
|stride                    |  in |   32|   ap_none  |        stride        |    scalar    |
+--------------------------+-----+-----+------------+----------------------+--------------+

