

================================================================
== Vivado HLS Report for 'util_computeKernel'
================================================================
* Date:           Thu Mar 15 23:11:10 2018

* Version:        2017.2 (Build 1909853 on Thu Jun 15 18:55:24 MDT 2017)
* Project:        accelerator
* Solution:       solution_basic
* Product family: virtexu
* Target device:  xcvu095-ffvc1517-2-e


================================================================
== Performance Estimates
================================================================
+ Timing (ns): 
    * Summary: 
    +--------+-------+----------+------------+
    |  Clock | Target| Estimated| Uncertainty|
    +--------+-------+----------+------------+
    |ap_clk  |   5.00|      3.99|        0.62|
    +--------+-------+----------+------------+

+ Latency (clock cycles): 
    * Summary: 
    +------+------+------+------+---------+
    |   Latency   |   Interval  | Pipeline|
    |  min |  max |  min |  max |   Type  |
    +------+------+------+------+---------+
    |  2321|  2321|  2321|  2321|   none  |
    +------+------+------+------+---------+

    + Detail: 
        * Instance: 
        N/A

        * Loop: 
        +----------------------------+------+------+----------+-----------+-----------+------+----------+
        |                            |   Latency   | Iteration|  Initiation Interval  | Trip |          |
        |          Loop Name         |  min |  max |  Latency |  achieved |   target  | Count| Pipelined|
        +----------------------------+------+------+----------+-----------+-----------+------+----------+
        |- COMPUTE_FOR_OUTPUT        |  2320|  2320|       290|          -|          -|     8|    no    |
        | + COMPUTE_FOR_DOT_PRODUCT  |   288|   288|         4|          -|          -|    72|    no    |
        +----------------------------+------+------+----------+-----------+-----------+------+----------+



================================================================
== Utilization Estimates
================================================================
* Summary: 
+-----------------+---------+-------+---------+--------+
|       Name      | BRAM_18K| DSP48E|    FF   |   LUT  |
+-----------------+---------+-------+---------+--------+
|DSP              |        -|      1|        -|       -|
|Expression       |        -|      -|      291|     241|
|FIFO             |        -|      -|        -|       -|
|Instance         |        -|      -|        -|       -|
|Memory           |        -|      -|        -|       -|
|Multiplexer      |        -|      -|        -|      51|
|Register         |        -|      -|      120|       -|
+-----------------+---------+-------+---------+--------+
|Total            |        0|      1|      411|     292|
+-----------------+---------+-------+---------+--------+
|Available        |     3456|    768|  1075200|  537600|
+-----------------+---------+-------+---------+--------+
|Utilization (%)  |        0|   ~0  |    ~0   |   ~0   |
+-----------------+---------+-------+---------+--------+

+ Detail: 
    * Instance: 
    N/A

    * DSP48: 
    +-------------------------+----------------------+-----------+
    |         Instance        |        Module        | Expression|
    +-------------------------+----------------------+-----------+
    |accelerator_mul_mbkb_U1  |accelerator_mul_mbkb  |  i0 * i1  |
    +-------------------------+----------------------+-----------+

    * Memory: 
    N/A

    * FIFO: 
    N/A

    * Expression: 
    +--------------------------------+----------+-------+-----+----+------------+------------+
    |          Variable Name         | Operation| DSP48E|  FF | LUT| Bitwidth P0| Bitwidth P1|
    +--------------------------------+----------+-------+-----+----+------------+------------+
    |iterDotProduct_1_fu_196_p2      |     +    |      0|   26|  13|           7|           1|
    |iterOutput_1_fu_149_p2          |     +    |      0|   17|  10|           4|           1|
    |p_Val2_2_fu_242_p2              |     +    |      0|  113|  42|          36|          36|
    |p_Val2_4_fu_309_p2              |     +    |      0|   59|  24|          18|          18|
    |tmp_13_fu_184_p2                |     +    |      0|   38|  17|          11|          11|
    |tmp_14_fu_211_p2                |     +    |      0|   38|  17|          11|          11|
    |brmerge40_demorgan_i_fu_439_p2  |    and   |      0|    0|   2|           1|           1|
    |carry_fu_329_p2                 |    and   |      0|    0|   2|           1|           1|
    |overflow_fu_433_p2              |    and   |      0|    0|   2|           1|           1|
    |p_38_i_i_fu_409_p2              |    and   |      0|    0|   2|           1|           1|
    |p_41_i_i_fu_395_p2              |    and   |      0|    0|   2|           1|           1|
    |qb_assign_1_fu_299_p2           |    and   |      0|    0|   2|           1|           1|
    |underflow_fu_457_p2             |    and   |      0|    0|   2|           1|           1|
    |Range1_all_ones_fu_369_p2       |   icmp   |      0|    0|   4|           8|           2|
    |Range1_all_zeros_fu_375_p2      |   icmp   |      0|    0|   4|           8|           1|
    |Range2_all_ones_fu_353_p2       |   icmp   |      0|    0|   4|           7|           2|
    |r_fu_272_p2                     |   icmp   |      0|    0|   5|           9|           1|
    |tmp_2_fu_190_p2                 |   icmp   |      0|    0|   4|           7|           7|
    |tmp_fu_143_p2                   |   icmp   |      0|    0|   2|           4|           5|
    |brmerge_i_i_fu_421_p2           |    or    |      0|    0|   2|           1|           1|
    |brmerge_i_i_i_fu_463_p2         |    or    |      0|    0|   2|           1|           1|
    |r_i_i_i_fu_293_p2               |    or    |      0|    0|   2|           1|           1|
    |tmp1_demorgan_fu_445_p2         |    or    |      0|    0|   2|           1|           1|
    |tmp2_fu_469_p2                  |    or    |      0|    0|   2|           1|           1|
    |underflow_not_fu_475_p2         |    or    |      0|    0|   2|           1|           1|
    |deleted_ones_fu_401_p3          |  select  |      0|    0|   2|           1|           1|
    |deleted_zeros_fu_381_p3         |  select  |      0|    0|   2|           1|           1|
    |p_Val2_4_19_fu_489_p3           |  select  |      0|    0|  19|           1|          19|
    |p_Val2_4_mux_fu_481_p3          |  select  |      0|    0|  18|           1|          17|
    |partialOutputBuffer_s_d0        |  select  |      0|    0|  18|           1|          18|
    |p_not_i_i_fu_415_p2             |    xor   |      0|    0|   2|           1|           2|
    |tmp1_fu_451_p2                  |    xor   |      0|    0|   2|           1|           2|
    |tmp_10_fu_427_p2                |    xor   |      0|    0|   2|           1|           2|
    |tmp_7_fu_323_p2                 |    xor   |      0|    0|   2|           1|           2|
    |tmp_s_fu_389_p2                 |    xor   |      0|    0|   2|           1|           2|
    +--------------------------------+----------+-------+-----+----+------------+------------+
    |Total                           |          |      0|  291| 241|         153|         175|
    +--------------------------------+----------+-------+-----+----+------------+------------+

    * Multiplexer: 
    +------------------------+----+-----------+-----+-----------+
    |          Name          | LUT| Input Size| Bits| Total Bits|
    +------------------------+----+-----------+-----+-----------+
    |ap_NS_fsm               |  33|          7|    1|          7|
    |iterDotProduct_reg_132  |   9|          2|    7|         14|
    |iterOutput_reg_121      |   9|          2|    4|          8|
    +------------------------+----+-----------+-----+-----------+
    |Total                   |  51|         11|   12|         29|
    +------------------------+----+-----------+-----+-----------+

    * Register: 
    +-------------------------------+----+----+-----+-----------+
    |              Name             | FF | LUT| Bits| Const Bits|
    +-------------------------------+----+----+-----+-----------+
    |ap_CS_fsm                      |   6|   0|    6|          0|
    |computeCache_V_load_reg_549    |  18|   0|   18|          0|
    |computeStream_V_load_reg_554   |  18|   0|   18|          0|
    |iterDotProduct_1_reg_534       |   7|   0|    7|          0|
    |iterDotProduct_reg_132         |   7|   0|    7|          0|
    |iterOutput_1_reg_516           |   4|   0|    4|          0|
    |iterOutput_reg_121             |   4|   0|    4|          0|
    |p_Val2_1_reg_559               |  36|   0|   36|          0|
    |partialOutputBuffer_1_reg_526  |   3|   0|    3|          0|
    |tmp_13_reg_521                 |   8|   0|   11|          3|
    |tmp_17_reg_565                 |   9|   0|    9|          0|
    +-------------------------------+----+----+-----+-----------+
    |Total                          | 120|   0|  123|          3|
    +-------------------------------+----+----+-----+-----------+



================================================================
== Interface
================================================================
* Summary: 
+--------------------------------+-----+-----+------------+-----------------------+--------------+
|            RTL Ports           | Dir | Bits|  Protocol  |     Source Object     |    C Type    |
+--------------------------------+-----+-----+------------+-----------------------+--------------+
|ap_clk                          |  in |    1| ap_ctrl_hs |   util_computeKernel  | return value |
|ap_rst                          |  in |    1| ap_ctrl_hs |   util_computeKernel  | return value |
|ap_start                        |  in |    1| ap_ctrl_hs |   util_computeKernel  | return value |
|ap_done                         | out |    1| ap_ctrl_hs |   util_computeKernel  | return value |
|ap_idle                         | out |    1| ap_ctrl_hs |   util_computeKernel  | return value |
|ap_ready                        | out |    1| ap_ctrl_hs |   util_computeKernel  | return value |
|partialOutputBuffer_s_address0  | out |    3|  ap_memory | partialOutputBuffer_s |     array    |
|partialOutputBuffer_s_ce0       | out |    1|  ap_memory | partialOutputBuffer_s |     array    |
|partialOutputBuffer_s_we0       | out |    1|  ap_memory | partialOutputBuffer_s |     array    |
|partialOutputBuffer_s_d0        | out |   18|  ap_memory | partialOutputBuffer_s |     array    |
|partialOutputBuffer_s_q0        |  in |   18|  ap_memory | partialOutputBuffer_s |     array    |
|computeCache_V_address0         | out |   10|  ap_memory |     computeCache_V    |     array    |
|computeCache_V_ce0              | out |    1|  ap_memory |     computeCache_V    |     array    |
|computeCache_V_q0               |  in |   18|  ap_memory |     computeCache_V    |     array    |
|computeStream_V_address0        | out |    7|  ap_memory |    computeStream_V    |     array    |
|computeStream_V_ce0             | out |    1|  ap_memory |    computeStream_V    |     array    |
|computeStream_V_q0              |  in |   18|  ap_memory |    computeStream_V    |     array    |
+--------------------------------+-----+-----+------------+-----------------------+--------------+

